
> babuhub@0.1.0 build
> next build

  Γû▓ Next.js 14.2.33
  - Environments: .env.local

   Creating an optimized production build ...
 Γ£ô Compiled successfully
   Linting and checking validity of types ...
node.exe : 
At line:1 char:1
+ & "C:\Program 
Files\nodejs/node.exe" 
"C:\Users\krish\AppData\Roaming\ ...
+ ~~~~~~~~~~~~~~~~~~~~~~~~~~~~~~~~~~~~
~~~~~~~~~~~~~~~~~~~~~~~~~~~~~~~~~
    + CategoryInfo          : NotSpec 
   ified: (:String) [], RemoteExcept  
  ion
    + FullyQualifiedErrorId : NativeC 
   ommandError
 
Failed to compile.

./src/app/subjects/discrete-mathematic
s/topics/home-assignments-co3/page.tsx
82:82  Error: `"` can be escaped with 
`&quot;`, `&ldquo;`, `&#34;`, 
`&rdquo;`.  
react/no-unescaped-entities
82:90  Error: `"` can be escaped with 
`&quot;`, `&ldquo;`, `&#34;`, 
`&rdquo;`.  
react/no-unescaped-entities
134:63  Error: `"` can be escaped 
with `&quot;`, `&ldquo;`, `&#34;`, 
`&rdquo;`.  
react/no-unescaped-entities
134:96  Error: `"` can be escaped 
with `&quot;`, `&ldquo;`, `&#34;`, 
`&rdquo;`.  
react/no-unescaped-entities
231:44  Error: `"` can be escaped 
with `&quot;`, `&ldquo;`, `&#34;`, 
`&rdquo;`.  
react/no-unescaped-entities
231:65  Error: `"` can be escaped 
with `&quot;`, `&ldquo;`, `&#34;`, 
`&rdquo;`.  
react/no-unescaped-entities
233:41  Error: `"` can be escaped 
with `&quot;`, `&ldquo;`, `&#34;`, 
`&rdquo;`.  
react/no-unescaped-entities
233:109  Error: `"` can be escaped 
with `&quot;`, `&ldquo;`, `&#34;`, 
`&rdquo;`.  
react/no-unescaped-entities
509:58  Error: `"` can be escaped 
with `&quot;`, `&ldquo;`, `&#34;`, 
`&rdquo;`.  
react/no-unescaped-entities
509:75  Error: `"` can be escaped 
with `&quot;`, `&ldquo;`, `&#34;`, 
`&rdquo;`.  
react/no-unescaped-entities
545:37  Error: `"` can be escaped 
with `&quot;`, `&ldquo;`, `&#34;`, 
`&rdquo;`.  
react/no-unescaped-entities
545:48  Error: `"` can be escaped 
with `&quot;`, `&ldquo;`, `&#34;`, 
`&rdquo;`.  
react/no-unescaped-entities

info  - Need to disable some ESLint 
rules? Learn more here: https://nextjs
.org/docs/basic-features/eslint#disabl
ing-rules
