src/app/subjects/data-structures/topics/CO1/intro-data-structures/page.tsx(44,52): error TS2695: Left side of comma operator is unused and has no side effects.
src/app/subjects/data-structures/topics/CO1/intro-data-structures/page.tsx(44,52): error TS2695: Left side of comma operator is unused and has no side effects.
src/app/subjects/data-structures/topics/CO1/intro-data-structures/page.tsx(44,52): error TS18007: JSX expressions may not use the comma operator. Did you mean to write an array?
